[Architectury Transformer] Architectury Runtime 5.2.87
[Architectury Transformer DEBUG] Closed File Systems for C:\Users\grame\OneDrive\Desktop\Minecraft Modding\Hands On\common\build\devlibs\tm_handson-common-1.0-SNAPSHOT-dev.jar
[Architectury Transformer DEBUG] Preparing tiny remapper prepared transformer: dev.architectury.transformer.handler.TinyRemapperPreparedTransformerHandler
[Architectury Transformer DEBUG] Provided 118 classpath jar(s):
[Architectury Transformer DEBUG]  - C:\Users\grame\.gradle\caches\modules-2\files-2.1\dev.architectury\architectury-injectables\1.0.10\62db2a366d662606d1b23ad02ccc3212ed37ec3\architectury-injectables-1.0.10.jar
[Architectury Transformer DEBUG]  - C:\Users\grame\.gradle\caches\modules-2\files-2.1\net.fabricmc\fabric-loader\0.16.10\dbd932c2a3641d2c41cf9abfe47e140a5753fa86\fabric-loader-0.16.10.jar
[Architectury Transformer DEBUG]  - C:\Users\grame\.gradle\caches\modules-2\files-2.1\org.jetbrains\annotations\25.0.0\c1e6b966db352094ac3bf7f88f3bdef332fe43f0\annotations-25.0.0.jar
[Architectury Transformer DEBUG]  - C:\Users\grame\.gradle\caches\modules-2\files-2.1\org.ow2.asm\asm\9.6\aa205cf0a06dbd8e04ece91c0b37c3f5d567546a\asm-9.6.jar
[Architectury Transformer DEBUG]  - C:\Users\grame\.gradle\caches\modules-2\files-2.1\org.ow2.asm\asm-analysis\9.6\9ce6c7b174bd997fc2552dff47964546bd7a5ec3\asm-analysis-9.6.jar
[Architectury Transformer DEBUG]  - C:\Users\grame\.gradle\caches\modules-2\files-2.1\org.ow2.asm\asm-commons\9.6\f1a9e5508eff490744144565c47326c8648be309\asm-commons-9.6.jar
[Architectury Transformer DEBUG]  - C:\Users\grame\.gradle\caches\modules-2\files-2.1\org.ow2.asm\asm-tree\9.6\c0cdda9d211e965d2a4448aa3fd86110f2f8c2de\asm-tree-9.6.jar
[Architectury Transformer DEBUG]  - C:\Users\grame\.gradle\caches\modules-2\files-2.1\org.ow2.asm\asm-util\9.6\f77caf84eb93786a749b2baa40865b9613e3eaee\asm-util-9.6.jar
[Architectury Transformer DEBUG]  - C:\Users\grame\.gradle\caches\modules-2\files-2.1\net.fabricmc\sponge-mixin\0.15.0+mixin.0.8.7\2ce1c5d57a061f3e259ec30b8b0cb2dc889c5156\sponge-mixin-0.15.0+mixin.0.8.7.jar
[Architectury Transformer DEBUG]  - C:\Users\grame\.gradle\caches\modules-2\files-2.1\io.github.llamalad7\mixinextras-fabric\0.4.0\37e5d2590769ab4e465dd140f8f1efe42f5fda9e\mixinextras-fabric-0.4.0.jar
[Architectury Transformer DEBUG]  - C:\Users\grame\.gradle\caches\modules-2\files-2.1\com.github.oshi\oshi-core\6.4.10\b1d8ab82d11d92fd639b56d639f8f46f739dd5fa\oshi-core-6.4.10.jar
[Architectury Transformer DEBUG]  - C:\Users\grame\.gradle\caches\modules-2\files-2.1\com.google.code.gson\gson\2.10.1\b3add478d4382b78ea20b1671390a858002feb6c\gson-2.10.1.jar
[Architectury Transformer DEBUG]  - C:\Users\grame\.gradle\caches\modules-2\files-2.1\com.google.guava\failureaccess\1.0.1\1dcf1de382a0bf95a3d8b0849546c88bac1292c9\failureaccess-1.0.1.jar
[Architectury Transformer DEBUG]  - C:\Users\grame\.gradle\caches\modules-2\files-2.1\com.google.guava\guava\32.1.2-jre\5e64ec7e056456bef3a4bc4c6fdaef71e8ab6318\guava-32.1.2-jre.jar
[Architectury Transformer DEBUG]  - C:\Users\grame\.gradle\caches\modules-2\files-2.1\com.ibm.icu\icu4j\73.2\61ad4ef7f9131fcf6d25c34b817f90d6da06c9e9\icu4j-73.2.jar
[Architectury Transformer DEBUG]  - C:\Users\grame\.gradle\caches\modules-2\files-2.1\com.mojang\authlib\6.0.54\de8bc95660e1b2fe8793fd427a7a10dcec5b3ea7\authlib-6.0.54.jar
[Architectury Transformer DEBUG]  - C:\Users\grame\.gradle\caches\modules-2\files-2.1\com.mojang\blocklist\1.0.10\5c685c5ffa94c4cd39496c7184c1d122e515ecef\blocklist-1.0.10.jar
[Architectury Transformer DEBUG]  - C:\Users\grame\.gradle\caches\modules-2\files-2.1\com.mojang\brigadier\1.2.9\73e324f2ee541493a5179abf367237faa782ed21\brigadier-1.2.9.jar
[Architectury Transformer DEBUG]  - C:\Users\grame\.gradle\caches\modules-2\files-2.1\com.mojang\datafixerupper\8.0.16\67d4de6d7f95d89bcf5862995fb854ebaec02a34\datafixerupper-8.0.16.jar
[Architectury Transformer DEBUG]  - C:\Users\grame\.gradle\caches\modules-2\files-2.1\com.mojang\logging\1.2.7\24cb95ffb0e3433fd6e844c04e68009e504ca1c0\logging-1.2.7.jar
[Architectury Transformer DEBUG]  - C:\Users\grame\.gradle\caches\modules-2\files-2.1\com.mojang\patchy\2.2.10\da05971b07cbb379d002cf7eaec6a2048211fefc\patchy-2.2.10.jar
[Architectury Transformer DEBUG]  - C:\Users\grame\.gradle\caches\modules-2\files-2.1\com.mojang\text2speech\1.17.9\3cad216e3a7f0c19b4b394388bc9ffc446f13b14\text2speech-1.17.9.jar
[Architectury Transformer DEBUG]  - C:\Users\grame\.gradle\caches\modules-2\files-2.1\commons-codec\commons-codec\1.16.0\4e3eb3d79888d76b54e28b350915b5dc3919c9de\commons-codec-1.16.0.jar
[Architectury Transformer DEBUG]  - C:\Users\grame\.gradle\caches\modules-2\files-2.1\commons-io\commons-io\2.15.1\f11560da189ab563a5c8e351941415430e9304ea\commons-io-2.15.1.jar
[Architectury Transformer DEBUG]  - C:\Users\grame\.gradle\caches\modules-2\files-2.1\commons-logging\commons-logging\1.2\4bfc12adfe4842bf07b657f0369c4cb522955686\commons-logging-1.2.jar
[Architectury Transformer DEBUG]  - C:\Users\grame\.gradle\caches\modules-2\files-2.1\io.netty\netty-buffer\4.1.97.Final\f8f3d8644afa5e6e1a40a3a6aeb9d9aa970ecb4f\netty-buffer-4.1.97.Final.jar
[Architectury Transformer DEBUG]  - C:\Users\grame\.gradle\caches\modules-2\files-2.1\io.netty\netty-codec\4.1.97.Final\384ba4d75670befbedb45c4d3b497a93639c206d\netty-codec-4.1.97.Final.jar
[Architectury Transformer DEBUG]  - C:\Users\grame\.gradle\caches\modules-2\files-2.1\io.netty\netty-common\4.1.97.Final\7cceacaf11df8dc63f23d0fb58e9d4640fc88404\netty-common-4.1.97.Final.jar
[Architectury Transformer DEBUG]  - C:\Users\grame\.gradle\caches\modules-2\files-2.1\io.netty\netty-handler\4.1.97.Final\abb86c6906bf512bf2b797a41cd7d2e8d3cd7c36\netty-handler-4.1.97.Final.jar
[Architectury Transformer DEBUG]  - C:\Users\grame\.gradle\caches\modules-2\files-2.1\io.netty\netty-resolver\4.1.97.Final\cec8348108dc76c47cf87c669d514be52c922144\netty-resolver-4.1.97.Final.jar
[Architectury Transformer DEBUG]  - C:\Users\grame\.gradle\caches\modules-2\files-2.1\io.netty\netty-transport-classes-epoll\4.1.97.Final\795da37ded759e862457a82d9d92c4d39ce8ecee\netty-transport-classes-epoll-4.1.97.Final.jar
[Architectury Transformer DEBUG]  - C:\Users\grame\.gradle\caches\modules-2\files-2.1\io.netty\netty-transport-native-unix-common\4.1.97.Final\d469d84265ab70095b01b40886cabdd433b6e664\netty-transport-native-unix-common-4.1.97.Final.jar
[Architectury Transformer DEBUG]  - C:\Users\grame\.gradle\caches\modules-2\files-2.1\io.netty\netty-transport\4.1.97.Final\f37380d23c9bb079bc702910833b2fd532c9abd0\netty-transport-4.1.97.Final.jar
[Architectury Transformer DEBUG]  - C:\Users\grame\.gradle\caches\modules-2\files-2.1\it.unimi.dsi\fastutil\8.5.12\c24946d46824bd528054bface3231d2ecb7e95e8\fastutil-8.5.12.jar
[Architectury Transformer DEBUG]  - C:\Users\grame\.gradle\caches\modules-2\files-2.1\net.java.dev.jna\jna-platform\5.14.0\28934d48aed814f11e4c584da55c49fa7032b31b\jna-platform-5.14.0.jar
[Architectury Transformer DEBUG]  - C:\Users\grame\.gradle\caches\modules-2\files-2.1\net.java.dev.jna\jna\5.14.0\67bf3eaea4f0718cb376a181a629e5f88fa1c9dd\jna-5.14.0.jar
[Architectury Transformer DEBUG]  - C:\Users\grame\.gradle\caches\modules-2\files-2.1\net.sf.jopt-simple\jopt-simple\5.0.4\4fdac2fbe92dfad86aa6e9301736f6b4342a3f5c\jopt-simple-5.0.4.jar
[Architectury Transformer DEBUG]  - C:\Users\grame\.gradle\caches\modules-2\files-2.1\org.apache.commons\commons-compress\1.26.0\659feffdd12280201c8aacb8f7be94f9a883c824\commons-compress-1.26.0.jar
[Architectury Transformer DEBUG]  - C:\Users\grame\.gradle\caches\modules-2\files-2.1\org.apache.commons\commons-lang3\3.14.0\1ed471194b02f2c6cb734a0cd6f6f107c673afae\commons-lang3-3.14.0.jar
[Architectury Transformer DEBUG]  - C:\Users\grame\.gradle\caches\modules-2\files-2.1\org.apache.httpcomponents\httpclient\4.5.13\e5f6cae5ca7ecaac1ec2827a9e2d65ae2869cada\httpclient-4.5.13.jar
[Architectury Transformer DEBUG]  - C:\Users\grame\.gradle\caches\modules-2\files-2.1\org.apache.httpcomponents\httpcore\4.4.16\51cf043c87253c9f58b539c9f7e44c8894223850\httpcore-4.4.16.jar
[Architectury Transformer DEBUG]  - C:\Users\grame\.gradle\caches\modules-2\files-2.1\org.apache.logging.log4j\log4j-api\2.22.1\bea6fede6328fabafd7e68363161a7ea6605abd1\log4j-api-2.22.1.jar
[Architectury Transformer DEBUG]  - C:\Users\grame\.gradle\caches\modules-2\files-2.1\org.apache.logging.log4j\log4j-core\2.22.1\7183a25510a02ad00cc6a95d3b3d2a7d3c5a8dc4\log4j-core-2.22.1.jar
[Architectury Transformer DEBUG]  - C:\Users\grame\.gradle\caches\modules-2\files-2.1\org.apache.logging.log4j\log4j-slf4j2-impl\2.22.1\d7e6693c2606cb7e7335047d7bb96dec52db5665\log4j-slf4j2-impl-2.22.1.jar
[Architectury Transformer DEBUG]  - C:\Users\grame\.gradle\caches\modules-2\files-2.1\org.jcraft\jorbis\0.0.17\8872d22b293e8f5d7d56ff92be966e6dc28ebdc6\jorbis-0.0.17.jar
[Architectury Transformer DEBUG]  - C:\Users\grame\.gradle\caches\modules-2\files-2.1\org.joml\joml\1.10.5\22566d58af70ad3d72308bab63b8339906deb649\joml-1.10.5.jar
[Architectury Transformer DEBUG]  - C:\Users\grame\.gradle\caches\modules-2\files-2.1\org.lwjgl\lwjgl-freetype\3.3.3\a0db6c84a8becc8ca05f9dbfa985edc348a824c7\lwjgl-freetype-3.3.3.jar
[Architectury Transformer DEBUG]  - C:\Users\grame\.gradle\caches\modules-2\files-2.1\org.lwjgl\lwjgl-glfw\3.3.3\efa1eb78c5ccd840e9f329717109b5e892d72f8e\lwjgl-glfw-3.3.3.jar
[Architectury Transformer DEBUG]  - C:\Users\grame\.gradle\caches\modules-2\files-2.1\org.lwjgl\lwjgl-jemalloc\3.3.3\b543467b7ff3c6920539a88ee602d34098628be5\lwjgl-jemalloc-3.3.3.jar
[Architectury Transformer DEBUG]  - C:\Users\grame\.gradle\caches\modules-2\files-2.1\org.lwjgl\lwjgl-openal\3.3.3\daada81ceb5fc0c291fbfdd4433cb8d9423577f2\lwjgl-openal-3.3.3.jar
[Architectury Transformer DEBUG]  - C:\Users\grame\.gradle\caches\modules-2\files-2.1\org.lwjgl\lwjgl-opengl\3.3.3\2f6b0147078396a58979125a4c947664e98293a\lwjgl-opengl-3.3.3.jar
[Architectury Transformer DEBUG]  - C:\Users\grame\.gradle\caches\modules-2\files-2.1\org.lwjgl\lwjgl-stb\3.3.3\25dd6161988d7e65f71d5065c99902402ee32746\lwjgl-stb-3.3.3.jar
[Architectury Transformer DEBUG]  - C:\Users\grame\.gradle\caches\modules-2\files-2.1\org.lwjgl\lwjgl-tinyfd\3.3.3\82d755ca94b102e9ca77283b9e2dc46d1b15fbe5\lwjgl-tinyfd-3.3.3.jar
[Architectury Transformer DEBUG]  - C:\Users\grame\.gradle\caches\modules-2\files-2.1\org.lwjgl\lwjgl\3.3.3\29589b5f87ed335a6c7e7ee6a5775f81f97ecb84\lwjgl-3.3.3.jar
[Architectury Transformer DEBUG]  - C:\Users\grame\.gradle\caches\modules-2\files-2.1\org.lz4\lz4-java\1.8.0\4b986a99445e49ea5fbf5d149c4b63f6ed6c6780\lz4-java-1.8.0.jar
[Architectury Transformer DEBUG]  - C:\Users\grame\.gradle\caches\modules-2\files-2.1\org.slf4j\slf4j-api\2.0.9\7cf2726fdcfbc8610f9a71fb3ed639871f315340\slf4j-api-2.0.9.jar
[Architectury Transformer DEBUG]  - C:\Users\grame\OneDrive\Desktop\Minecraft Modding\Hands On\.gradle\loom-cache\minecraftMaven\net\minecraft\minecraft-merged-465f8bb726\1.21-loom.mappings.1_21.layered+hash.40545-v2\minecraft-merged-465f8bb726-1.21-loom.mappings.1_21.layered+hash.40545-v2.jar
[Architectury Transformer DEBUG]  - C:\Users\grame\.gradle\caches\modules-2\files-2.1\io.netty\netty-transport-native-epoll\4.1.97.Final\54188f271e388e7f313aea995e82f58ce2cdb809\netty-transport-native-epoll-4.1.97.Final-linux-x86_64.jar
[Architectury Transformer DEBUG]  - C:\Users\grame\.gradle\caches\modules-2\files-2.1\io.netty\netty-transport-native-epoll\4.1.97.Final\5514744c588190ffda076b35a9b8c9f24946a960\netty-transport-native-epoll-4.1.97.Final-linux-aarch_64.jar
[Architectury Transformer DEBUG]  - C:\Users\grame\.gradle\caches\modules-2\files-2.1\com.ezylang\EvalEx\3.2.0\a0af563de5341acb331d3dd4797e5a66af15349d\EvalEx-3.2.0.jar
[Architectury Transformer DEBUG]  - C:\Users\grame\OneDrive\Desktop\Minecraft Modding\Hands On\.gradle\loom-cache\remapped_mods\loom_mappings_1_21_layered_hash_40545_v2\net\fabricmc\fabric-api\fabric-api\0.102.0+1.21\fabric-api-0.102.0+1.21.jar
[Architectury Transformer DEBUG]  - C:\Users\grame\OneDrive\Desktop\Minecraft Modding\Hands On\.gradle\loom-cache\remapped_mods\loom_mappings_1_21_layered_hash_40545_v2\dev\architectury\architectury-fabric\13.0.8\architectury-fabric-13.0.8.jar
[Architectury Transformer DEBUG]  - C:\Users\grame\OneDrive\Desktop\Minecraft Modding\Hands On\.gradle\loom-cache\remapped_mods\loom_mappings_1_21_layered_hash_40545_v2\net\fabricmc\fabric-api\fabric-transfer-api-v1\5.1.16+3dccd343d1\fabric-transfer-api-v1-5.1.16+3dccd343d1.jar
[Architectury Transformer DEBUG]  - C:\Users\grame\OneDrive\Desktop\Minecraft Modding\Hands On\.gradle\loom-cache\remapped_mods\loom_mappings_1_21_layered_hash_40545_v2\net\fabricmc\fabric-api\fabric-api-lookup-api-v1\1.6.68+b5597344d1\fabric-api-lookup-api-v1-1.6.68+b5597344d1.jar
[Architectury Transformer DEBUG]  - C:\Users\grame\OneDrive\Desktop\Minecraft Modding\Hands On\.gradle\loom-cache\remapped_mods\loom_mappings_1_21_layered_hash_40545_v2\net\fabricmc\fabric-api\fabric-blockrenderlayer-v1\1.1.52+0af3f5a7d1\fabric-blockrenderlayer-v1-1.1.52+0af3f5a7d1.jar
[Architectury Transformer DEBUG]  - C:\Users\grame\OneDrive\Desktop\Minecraft Modding\Hands On\.gradle\loom-cache\remapped_mods\loom_mappings_1_21_layered_hash_40545_v2\net\fabricmc\fabric-api\fabric-client-tags-api-v1\1.1.15+6573ed8cd1\fabric-client-tags-api-v1-1.1.15+6573ed8cd1.jar
[Architectury Transformer DEBUG]  - C:\Users\grame\OneDrive\Desktop\Minecraft Modding\Hands On\.gradle\loom-cache\remapped_mods\loom_mappings_1_21_layered_hash_40545_v2\net\fabricmc\fabric-api\fabric-command-api-v1\1.2.49+f71b366fd1\fabric-command-api-v1-1.2.49+f71b366fd1.jar
[Architectury Transformer DEBUG]  - C:\Users\grame\OneDrive\Desktop\Minecraft Modding\Hands On\.gradle\loom-cache\remapped_mods\loom_mappings_1_21_layered_hash_40545_v2\net\fabricmc\fabric-api\fabric-commands-v0\0.2.66+df3654b3d1\fabric-commands-v0-0.2.66+df3654b3d1.jar
[Architectury Transformer DEBUG]  - C:\Users\grame\OneDrive\Desktop\Minecraft Modding\Hands On\.gradle\loom-cache\remapped_mods\loom_mappings_1_21_layered_hash_40545_v2\net\fabricmc\fabric-api\fabric-command-api-v2\2.2.28+6ced4dd9d1\fabric-command-api-v2-2.2.28+6ced4dd9d1.jar
[Architectury Transformer DEBUG]  - C:\Users\grame\OneDrive\Desktop\Minecraft Modding\Hands On\.gradle\loom-cache\remapped_mods\loom_mappings_1_21_layered_hash_40545_v2\net\fabricmc\fabric-api\fabric-content-registries-v0\8.0.16+b5597344d1\fabric-content-registries-v0-8.0.16+b5597344d1.jar
[Architectury Transformer DEBUG]  - C:\Users\grame\OneDrive\Desktop\Minecraft Modding\Hands On\.gradle\loom-cache\remapped_mods\loom_mappings_1_21_layered_hash_40545_v2\net\fabricmc\fabric-api\fabric-data-generation-api-v1\20.2.16+16c4ae25d1\fabric-data-generation-api-v1-20.2.16+16c4ae25d1.jar
[Architectury Transformer DEBUG]  - C:\Users\grame\OneDrive\Desktop\Minecraft Modding\Hands On\.gradle\loom-cache\remapped_mods\loom_mappings_1_21_layered_hash_40545_v2\net\fabricmc\fabric-api\fabric-convention-tags-v1\2.0.19+7f945d5bd1\fabric-convention-tags-v1-2.0.19+7f945d5bd1.jar
[Architectury Transformer DEBUG]  - C:\Users\grame\OneDrive\Desktop\Minecraft Modding\Hands On\.gradle\loom-cache\remapped_mods\loom_mappings_1_21_layered_hash_40545_v2\net\fabricmc\fabric-api\fabric-convention-tags-v2\2.5.0+c5e2b5c6d1\fabric-convention-tags-v2-2.5.0+c5e2b5c6d1.jar
[Architectury Transformer DEBUG]  - C:\Users\grame\OneDrive\Desktop\Minecraft Modding\Hands On\.gradle\loom-cache\remapped_mods\loom_mappings_1_21_layered_hash_40545_v2\net\fabricmc\fabric-api\fabric-data-attachment-api-v1\1.1.27+6a6dfa19d1\fabric-data-attachment-api-v1-1.1.27+6a6dfa19d1.jar
[Architectury Transformer DEBUG]  - C:\Users\grame\OneDrive\Desktop\Minecraft Modding\Hands On\.gradle\loom-cache\remapped_mods\loom_mappings_1_21_layered_hash_40545_v2\net\fabricmc\fabric-api\fabric-entity-events-v1\1.6.12+6fc22b99d1\fabric-entity-events-v1-1.6.12+6fc22b99d1.jar
[Architectury Transformer DEBUG]  - C:\Users\grame\OneDrive\Desktop\Minecraft Modding\Hands On\.gradle\loom-cache\remapped_mods\loom_mappings_1_21_layered_hash_40545_v2\net\fabricmc\fabric-api\fabric-events-interaction-v0\0.7.12+ba9dae06d1\fabric-events-interaction-v0-0.7.12+ba9dae06d1.jar
[Architectury Transformer DEBUG]  - C:\Users\grame\OneDrive\Desktop\Minecraft Modding\Hands On\.gradle\loom-cache\remapped_mods\loom_mappings_1_21_layered_hash_40545_v2\net\fabricmc\fabric-api\fabric-gametest-api-v1\2.0.4+6fc22b99d1\fabric-gametest-api-v1-2.0.4+6fc22b99d1.jar
[Architectury Transformer DEBUG]  - C:\Users\grame\OneDrive\Desktop\Minecraft Modding\Hands On\.gradle\loom-cache\remapped_mods\loom_mappings_1_21_layered_hash_40545_v2\net\fabricmc\fabric-api\fabric-item-api-v1\11.0.0+afdfc921d1\fabric-item-api-v1-11.0.0+afdfc921d1.jar
[Architectury Transformer DEBUG]  - C:\Users\grame\OneDrive\Desktop\Minecraft Modding\Hands On\.gradle\loom-cache\remapped_mods\loom_mappings_1_21_layered_hash_40545_v2\net\fabricmc\fabric-api\fabric-item-group-api-v1\4.1.4+78017270d1\fabric-item-group-api-v1-4.1.4+78017270d1.jar
[Architectury Transformer DEBUG]  - C:\Users\grame\OneDrive\Desktop\Minecraft Modding\Hands On\.gradle\loom-cache\remapped_mods\loom_mappings_1_21_layered_hash_40545_v2\net\fabricmc\fabric-api\fabric-lifecycle-events-v1\2.3.12+6c1df360d1\fabric-lifecycle-events-v1-2.3.12+6c1df360d1.jar
[Architectury Transformer DEBUG]  - C:\Users\grame\OneDrive\Desktop\Minecraft Modding\Hands On\.gradle\loom-cache\remapped_mods\loom_mappings_1_21_layered_hash_40545_v2\net\fabricmc\fabric-api\fabric-loot-api-v2\3.0.14+3f89f5a5d1\fabric-loot-api-v2-3.0.14+3f89f5a5d1.jar
[Architectury Transformer DEBUG]  - C:\Users\grame\OneDrive\Desktop\Minecraft Modding\Hands On\.gradle\loom-cache\remapped_mods\loom_mappings_1_21_layered_hash_40545_v2\net\fabricmc\fabric-api\fabric-loot-api-v3\1.0.2+3f89f5a5d1\fabric-loot-api-v3-1.0.2+3f89f5a5d1.jar
[Architectury Transformer DEBUG]  - C:\Users\grame\OneDrive\Desktop\Minecraft Modding\Hands On\.gradle\loom-cache\remapped_mods\loom_mappings_1_21_layered_hash_40545_v2\net\fabricmc\fabric-api\fabric-message-api-v1\6.0.13+6573ed8cd1\fabric-message-api-v1-6.0.13+6573ed8cd1.jar
[Architectury Transformer DEBUG]  - C:\Users\grame\OneDrive\Desktop\Minecraft Modding\Hands On\.gradle\loom-cache\remapped_mods\loom_mappings_1_21_layered_hash_40545_v2\net\fabricmc\fabric-api\fabric-model-loading-api-v1\2.0.0+fe474d6bd1\fabric-model-loading-api-v1-2.0.0+fe474d6bd1.jar
[Architectury Transformer DEBUG]  - C:\Users\grame\OneDrive\Desktop\Minecraft Modding\Hands On\.gradle\loom-cache\remapped_mods\loom_mappings_1_21_layered_hash_40545_v2\net\fabricmc\fabric-api\fabric-recipe-api-v1\5.0.12+65089712d1\fabric-recipe-api-v1-5.0.12+65089712d1.jar
[Architectury Transformer DEBUG]  - C:\Users\grame\OneDrive\Desktop\Minecraft Modding\Hands On\.gradle\loom-cache\remapped_mods\loom_mappings_1_21_layered_hash_40545_v2\net\fabricmc\fabric-api\fabric-screen-handler-api-v1\1.3.86+b5597344d1\fabric-screen-handler-api-v1-1.3.86+b5597344d1.jar
[Architectury Transformer DEBUG]  - C:\Users\grame\OneDrive\Desktop\Minecraft Modding\Hands On\.gradle\loom-cache\remapped_mods\loom_mappings_1_21_layered_hash_40545_v2\net\fabricmc\fabric-api\fabric-registry-sync-v0\5.1.2+60c3209bd1\fabric-registry-sync-v0-5.1.2+60c3209bd1.jar
[Architectury Transformer DEBUG]  - C:\Users\grame\OneDrive\Desktop\Minecraft Modding\Hands On\.gradle\loom-cache\remapped_mods\loom_mappings_1_21_layered_hash_40545_v2\net\fabricmc\fabric-api\fabric-networking-api-v1\4.2.2+60c3209bd1\fabric-networking-api-v1-4.2.2+60c3209bd1.jar
[Architectury Transformer DEBUG]  - C:\Users\grame\OneDrive\Desktop\Minecraft Modding\Hands On\.gradle\loom-cache\remapped_mods\loom_mappings_1_21_layered_hash_40545_v2\net\fabricmc\fabric-api\fabric-object-builder-api-v1\15.2.0+a551f7a4d1\fabric-object-builder-api-v1-15.2.0+a551f7a4d1.jar
[Architectury Transformer DEBUG]  - C:\Users\grame\OneDrive\Desktop\Minecraft Modding\Hands On\.gradle\loom-cache\remapped_mods\loom_mappings_1_21_layered_hash_40545_v2\net\fabricmc\fabric-api\fabric-particles-v1\4.0.2+6573ed8cd1\fabric-particles-v1-4.0.2+6573ed8cd1.jar
[Architectury Transformer DEBUG]  - C:\Users\grame\OneDrive\Desktop\Minecraft Modding\Hands On\.gradle\loom-cache\remapped_mods\loom_mappings_1_21_layered_hash_40545_v2\net\fabricmc\fabric-api\fabric-renderer-indigo\1.7.0+c705a49cd1\fabric-renderer-indigo-1.7.0+c705a49cd1.jar
[Architectury Transformer DEBUG]  - C:\Users\grame\OneDrive\Desktop\Minecraft Modding\Hands On\.gradle\loom-cache\remapped_mods\loom_mappings_1_21_layered_hash_40545_v2\net\fabricmc\fabric-api\fabric-renderer-api-v1\3.4.0+c705a49cd1\fabric-renderer-api-v1-3.4.0+c705a49cd1.jar
[Architectury Transformer DEBUG]  - C:\Users\grame\OneDrive\Desktop\Minecraft Modding\Hands On\.gradle\loom-cache\remapped_mods\loom_mappings_1_21_layered_hash_40545_v2\net\fabricmc\fabric-api\fabric-rendering-fluids-v1\3.1.6+b5597344d1\fabric-rendering-fluids-v1-3.1.6+b5597344d1.jar
[Architectury Transformer DEBUG]  - C:\Users\grame\OneDrive\Desktop\Minecraft Modding\Hands On\.gradle\loom-cache\remapped_mods\loom_mappings_1_21_layered_hash_40545_v2\net\fabricmc\fabric-api\fabric-renderer-registries-v1\3.2.68+df3654b3d1\fabric-renderer-registries-v1-3.2.68+df3654b3d1.jar
[Architectury Transformer DEBUG]  - C:\Users\grame\OneDrive\Desktop\Minecraft Modding\Hands On\.gradle\loom-cache\remapped_mods\loom_mappings_1_21_layered_hash_40545_v2\net\fabricmc\fabric-api\fabric-rendering-v0\1.1.71+df3654b3d1\fabric-rendering-v0-1.1.71+df3654b3d1.jar
[Architectury Transformer DEBUG]  - C:\Users\grame\OneDrive\Desktop\Minecraft Modding\Hands On\.gradle\loom-cache\remapped_mods\loom_mappings_1_21_layered_hash_40545_v2\net\fabricmc\fabric-api\fabric-rendering-v1\5.0.5+df16efd0d1\fabric-rendering-v1-5.0.5+df16efd0d1.jar
[Architectury Transformer DEBUG]  - C:\Users\grame\OneDrive\Desktop\Minecraft Modding\Hands On\.gradle\loom-cache\remapped_mods\loom_mappings_1_21_layered_hash_40545_v2\net\fabricmc\fabric-api\fabric-screen-api-v1\2.0.24+b5597344d1\fabric-screen-api-v1-2.0.24+b5597344d1.jar
[Architectury Transformer DEBUG]  - C:\Users\grame\OneDrive\Desktop\Minecraft Modding\Hands On\.gradle\loom-cache\remapped_mods\loom_mappings_1_21_layered_hash_40545_v2\net\fabricmc\fabric-api\fabric-api-base\0.4.42+6573ed8cd1\fabric-api-base-0.4.42+6573ed8cd1.jar
[Architectury Transformer DEBUG]  - C:\Users\grame\OneDrive\Desktop\Minecraft Modding\Hands On\.gradle\loom-cache\remapped_mods\loom_mappings_1_21_layered_hash_40545_v2\net\fabricmc\fabric-api\fabric-biome-api-v1\13.0.29+5bd9f1bcd1\fabric-biome-api-v1-13.0.29+5bd9f1bcd1.jar
[Architectury Transformer DEBUG]  - C:\Users\grame\OneDrive\Desktop\Minecraft Modding\Hands On\.gradle\loom-cache\remapped_mods\loom_mappings_1_21_layered_hash_40545_v2\net\fabricmc\fabric-api\fabric-block-api-v1\1.0.22+0af3f5a7d1\fabric-block-api-v1-1.0.22+0af3f5a7d1.jar
[Architectury Transformer DEBUG]  - C:\Users\grame\OneDrive\Desktop\Minecraft Modding\Hands On\.gradle\loom-cache\remapped_mods\loom_mappings_1_21_layered_hash_40545_v2\net\fabricmc\fabric-api\fabric-rendering-data-attachment-v1\0.3.48+73761d2ed1\fabric-rendering-data-attachment-v1-0.3.48+73761d2ed1.jar
[Architectury Transformer DEBUG]  - C:\Users\grame\OneDrive\Desktop\Minecraft Modding\Hands On\.gradle\loom-cache\remapped_mods\loom_mappings_1_21_layered_hash_40545_v2\net\fabricmc\fabric-api\fabric-block-view-api-v2\1.0.10+6573ed8cd1\fabric-block-view-api-v2-1.0.10+6573ed8cd1.jar
[Architectury Transformer DEBUG]  - C:\Users\grame\OneDrive\Desktop\Minecraft Modding\Hands On\.gradle\loom-cache\remapped_mods\loom_mappings_1_21_layered_hash_40545_v2\net\fabricmc\fabric-api\fabric-crash-report-info-v1\0.2.29+0af3f5a7d1\fabric-crash-report-info-v1-0.2.29+0af3f5a7d1.jar
[Architectury Transformer DEBUG]  - C:\Users\grame\OneDrive\Desktop\Minecraft Modding\Hands On\.gradle\loom-cache\remapped_mods\loom_mappings_1_21_layered_hash_40545_v2\net\fabricmc\fabric-api\fabric-dimensions-v1\4.0.0+6fc22b99d1\fabric-dimensions-v1-4.0.0+6fc22b99d1.jar
[Architectury Transformer DEBUG]  - C:\Users\grame\OneDrive\Desktop\Minecraft Modding\Hands On\.gradle\loom-cache\remapped_mods\loom_mappings_1_21_layered_hash_40545_v2\net\fabricmc\fabric-api\fabric-game-rule-api-v1\1.0.53+6ced4dd9d1\fabric-game-rule-api-v1-1.0.53+6ced4dd9d1.jar
[Architectury Transformer DEBUG]  - C:\Users\grame\OneDrive\Desktop\Minecraft Modding\Hands On\.gradle\loom-cache\remapped_mods\loom_mappings_1_21_layered_hash_40545_v2\net\fabricmc\fabric-api\fabric-keybindings-v0\0.2.45+df3654b3d1\fabric-keybindings-v0-0.2.45+df3654b3d1.jar
[Architectury Transformer DEBUG]  - C:\Users\grame\OneDrive\Desktop\Minecraft Modding\Hands On\.gradle\loom-cache\remapped_mods\loom_mappings_1_21_layered_hash_40545_v2\net\fabricmc\fabric-api\fabric-key-binding-api-v1\1.0.47+0af3f5a7d1\fabric-key-binding-api-v1-1.0.47+0af3f5a7d1.jar
[Architectury Transformer DEBUG]  - C:\Users\grame\OneDrive\Desktop\Minecraft Modding\Hands On\.gradle\loom-cache\remapped_mods\loom_mappings_1_21_layered_hash_40545_v2\net\fabricmc\fabric-api\fabric-resource-conditions-api-v1\4.3.0+8dc279b1d1\fabric-resource-conditions-api-v1-4.3.0+8dc279b1d1.jar
[Architectury Transformer DEBUG]  - C:\Users\grame\OneDrive\Desktop\Minecraft Modding\Hands On\.gradle\loom-cache\remapped_mods\loom_mappings_1_21_layered_hash_40545_v2\net\fabricmc\fabric-api\fabric-resource-loader-v0\1.3.0+56599129d1\fabric-resource-loader-v0-1.3.0+56599129d1.jar
[Architectury Transformer DEBUG]  - C:\Users\grame\OneDrive\Desktop\Minecraft Modding\Hands On\.gradle\loom-cache\remapped_mods\loom_mappings_1_21_layered_hash_40545_v2\net\fabricmc\fabric-api\fabric-sound-api-v1\1.0.23+6573ed8cd1\fabric-sound-api-v1-1.0.23+6573ed8cd1.jar
[Architectury Transformer DEBUG]  - C:\Users\grame\OneDrive\Desktop\Minecraft Modding\Hands On\.gradle\loom-cache\remapped_mods\loom_mappings_1_21_layered_hash_40545_v2\net\fabricmc\fabric-api\fabric-transitive-access-wideners-v1\6.1.0+176f9036d1\fabric-transitive-access-wideners-v1-6.1.0+176f9036d1.jar
[Architectury Transformer DEBUG]  - C:\Users\grame\OneDrive\Desktop\Minecraft Modding\Hands On\.gradle\loom-cache\remapped_mods\loom_mappings_1_21_layered_hash_40545_v2\com\Truly-Modular\Modular-Item-API\Truly-Modular-miapi-fabric\2.0.0-snapshot-1-1.21\Truly-Modular-miapi-fabric-2.0.0-snapshot-1-1.21.jar
[Architectury Transformer DEBUG]  - C:\Users\grame\OneDrive\Desktop\Minecraft Modding\Hands On\.gradle\loom-cache\remapped_mods\loom_mappings_1_21_layered_hash_40545_v2\com\redpxnda\nucleus\nucleus-config-fabric\1.21+1.1.7\nucleus-config-fabric-1.21+1.1.7.jar
[Architectury Transformer DEBUG]  - C:\Users\grame\OneDrive\Desktop\Minecraft Modding\Hands On\.gradle\loom-cache\remapped_mods\loom_mappings_1_21_layered_hash_40545_v2\com\redpxnda\nucleus\nucleus-pose-fabric\1.21+1.0.0\nucleus-pose-fabric-1.21+1.0.0.jar
[Architectury Transformer DEBUG]  - C:\Users\grame\OneDrive\Desktop\Minecraft Modding\Hands On\.gradle\loom-cache\remapped_mods\loom_mappings_1_21_layered_hash_40545_v2\com\redpxnda\nucleus\nucleus-codec-fabric\1.21+1.1.5\nucleus-codec-fabric-1.21+1.1.5.jar
[Architectury Transformer DEBUG]  - C:\Users\grame\OneDrive\Desktop\Minecraft Modding\Hands On\.gradle\loom-cache\remapped_mods\loom_mappings_1_21_layered_hash_40545_v2\com\redpxnda\nucleus\nucleus-facet-fabric\1.21+1.0.1\nucleus-facet-fabric-1.21+1.0.1.jar
[Architectury Transformer DEBUG]  - C:\Users\grame\OneDrive\Desktop\Minecraft Modding\Hands On\.gradle\loom-cache\remapped_mods\loom_mappings_1_21_layered_hash_40545_v2\com\redpxnda\nucleus\nucleus-core-fabric\1.21+1.1.4\nucleus-core-fabric-1.21+1.1.4.jar
[Architectury Transformer DEBUG]  - C:\Users\grame\OneDrive\Desktop\Minecraft Modding\Hands On\.gradle\loom-cache\remapped_mods\loom_mappings_1_21_layered_hash_40545_v2\com\terraformersmc\modmenu\11.0.1\modmenu-11.0.1.jar
[Architectury Transformer] Read classpath in 1.746 s
[Architectury Transformer DEBUG] Closed File Systems for C:\Users\grame\OneDrive\Desktop\Minecraft Modding\Hands On\common\build\devlibs\tm_handson-common-1.0-SNAPSHOT-dev.jar
[Architectury Transformer DEBUG] Transforming 5 transformer(s) from C:\Users\grame\OneDrive\Desktop\Minecraft Modding\Hands On\common\build\devlibs\tm_handson-common-1.0-SNAPSHOT-dev.jar to C:\Users\grame\AppData\Local\Temp\10332695132018379305.jar: 
[Architectury Transformer DEBUG]  - dev.architectury.transformer.transformers.RuntimeMixinRefmapDetector@347c2a1a
[Architectury Transformer DEBUG]  - dev.architectury.transformer.transformers.GenerateFakeFabricMod@205f33f3
[Architectury Transformer DEBUG]  - dev.architectury.transformer.transformers.TransformExpectPlatform@4cc1c39f
[Architectury Transformer DEBUG]  - dev.architectury.transformer.transformers.RemapInjectables@7123f4ff
[Architectury Transformer DEBUG]  - dev.architectury.transformer.transformers.TransformPlatformOnly@24da3c3b
[Architectury Transformer DEBUG] Transforming from C:\Users\grame\OneDrive\Desktop\Minecraft Modding\Hands On\common\build\devlibs\tm_handson-common-1.0-SNAPSHOT-dev.jar to C:\Users\grame\AppData\Local\Temp\10332695132018379305.jar with 5 transformer(s) on dev.architectury.transformer.handler.SimpleTransformerHandler
[Architectury Transformer DEBUG] Found class transformer
[Architectury Transformer DEBUG] Writing com/redpxnda/handson/client/TinkeringScreen with maxs=true frames=true
[Architectury Transformer DEBUG] Writing com/redpxnda/handson/HandsOn with maxs=true frames=true
[Architectury Transformer DEBUG] Writing com/redpxnda/handson/mixin/CameraMixin with maxs=true frames=true
[Architectury Transformer DEBUG] Checking whether /tm_handson-common-common-refmap.json is a mixin config.
[Architectury Transformer DEBUG] Checking whether /handson.mixins.json is a mixin config.
[Architectury Transformer DEBUG] Closed File Systems for C:\Users\grame\AppData\Local\Temp\10332695132018379305.jar
[Architectury Transformer] Listening at C:\Users\grame\OneDrive\Desktop\Minecraft Modding\Hands On\common\build\devlibs\tm_handson-common-1.0-SNAPSHOT-dev.jar
[Architectury Transformer DEBUG] Temporary jar [C:\Users\grame\AppData\Local\Temp\10332695132018379305.jar] contains packages: com.redpxnda.handson.client, com.redpxnda.handson.mixin, com.redpxnda.handson
[Architectury Transformer DEBUG] Closed File Systems for C:\Users\grame\OneDrive\Desktop\Minecraft Modding\Hands On\common\build\devlibs\tm_handson-common-1.0-SNAPSHOT-dev.jar
[Architectury Transformer DEBUG] Classpath entry [C:\Users\grame\OneDrive\Desktop\Minecraft Modding\Hands On\fabric\build\resources\main] contains packages: 
[Architectury Transformer DEBUG] Classpath entry [C:\Users\grame\OneDrive\Desktop\Minecraft Modding\Hands On\common\build\resources\main] contains packages: 
[Architectury Transformer DEBUG] Transforming from com/redpxnda/handson/HandsOn.class to com/redpxnda/handson/HandsOn.class with 5 transformer(s) on dev.architectury.transformer.handler.TinyRemapperPreparedTransformerHandler
[Architectury Transformer DEBUG] Found class transformer
[Architectury Transformer DEBUG] Writing com/redpxnda/handson/HandsOn with maxs=true frames=true
[Architectury Transformer DEBUG] Transformed com/redpxnda/handson/HandsOn in 1.393 ms
[Architectury Transformer DEBUG] Transforming from com/redpxnda/handson/client/TinkeringScreen.class to com/redpxnda/handson/client/TinkeringScreen.class with 5 transformer(s) on dev.architectury.transformer.handler.TinyRemapperPreparedTransformerHandler
[Architectury Transformer DEBUG] Found class transformer
[Architectury Transformer DEBUG] Writing com/redpxnda/handson/client/TinkeringScreen with maxs=true frames=true
[Architectury Transformer DEBUG] Transformed com/redpxnda/handson/client/TinkeringScreen in 1.652 ms
[Architectury Transformer DEBUG] Transforming from com/redpxnda/handson/HandsOn.class to com/redpxnda/handson/HandsOn.class with 5 transformer(s) on dev.architectury.transformer.handler.TinyRemapperPreparedTransformerHandler
[Architectury Transformer DEBUG] Found class transformer
[Architectury Transformer DEBUG] Writing com/redpxnda/handson/HandsOn with maxs=true frames=true
[Architectury Transformer DEBUG] Transformed com/redpxnda/handson/HandsOn in 1.216 ms
[Architectury Transformer DEBUG] Transforming from com/redpxnda/handson/client/TinkeringScreen.class to com/redpxnda/handson/client/TinkeringScreen.class with 5 transformer(s) on dev.architectury.transformer.handler.TinyRemapperPreparedTransformerHandler
[Architectury Transformer DEBUG] Found class transformer
[Architectury Transformer DEBUG] Writing com/redpxnda/handson/client/TinkeringScreen with maxs=true frames=true
[Architectury Transformer DEBUG] Transformed com/redpxnda/handson/client/TinkeringScreen in 2.662 ms
[Architectury Transformer DEBUG] Closed File Systems for C:\Users\grame\OneDrive\Desktop\Minecraft Modding\Hands On\common\build\devlibs\tm_handson-common-1.0-SNAPSHOT-dev.jar
[Architectury Transformer] Detected File Modification at tm_handson-common-1.0-SNAPSHOT-dev.jar
[Architectury Transformer DEBUG] Transforming 5 transformer(s) from C:\Users\grame\OneDrive\Desktop\Minecraft Modding\Hands On\common\build\devlibs\tm_handson-common-1.0-SNAPSHOT-dev.jar to C:\Users\grame\AppData\Local\Temp\10332695132018379305.jar: 
[Architectury Transformer DEBUG]  - dev.architectury.transformer.transformers.RuntimeMixinRefmapDetector@347c2a1a
[Architectury Transformer DEBUG]  - dev.architectury.transformer.transformers.GenerateFakeFabricMod@205f33f3
[Architectury Transformer DEBUG]  - dev.architectury.transformer.transformers.TransformExpectPlatform@4cc1c39f
[Architectury Transformer DEBUG]  - dev.architectury.transformer.transformers.RemapInjectables@7123f4ff
[Architectury Transformer DEBUG]  - dev.architectury.transformer.transformers.TransformPlatformOnly@24da3c3b
[Architectury Transformer DEBUG] Transforming from C:\Users\grame\OneDrive\Desktop\Minecraft Modding\Hands On\common\build\devlibs\tm_handson-common-1.0-SNAPSHOT-dev.jar to C:\Users\grame\AppData\Local\Temp\10332695132018379305.jar with 5 transformer(s) on dev.architectury.transformer.handler.SimpleTransformerHandler
[Architectury Transformer DEBUG] Found class transformer
[Architectury Transformer DEBUG] Writing architectury_inject_handson_fabric_aac36992944843baad0df6ba37f9da80_2cbaf581e20010c712b9bbd1e389e7c0760bf60b8e88241b3f4f9d5cb9e4e186tm_handsoncommon10SNAPSHOTdevjar/PlatformMethods with maxs=true frames=true
[Architectury Transformer DEBUG] Writing com/redpxnda/handson/HandsOn with maxs=true frames=true
[Architectury Transformer DEBUG] Writing com/redpxnda/handson/client/TinkeringScreen with maxs=true frames=true
[Architectury Transformer DEBUG] Writing com/redpxnda/handson/mixin/CameraMixin with maxs=true frames=true
[Architectury Transformer DEBUG] Checking whether /tm_handson-common-common-refmap.json is a mixin config.
[Architectury Transformer DEBUG] Checking whether /handson.mixins.json is a mixin config.
[Architectury Transformer DEBUG] Checking whether /fabric.mod.json is a mixin config.
[Architectury Transformer DEBUG] Redefining com.redpxnda.handson.client.TinkeringScreen
[Architectury Transformer DEBUG] Transforming from com/redpxnda/handson/client/TinkeringScreen.class to com/redpxnda/handson/client/TinkeringScreen.class with 5 transformer(s) on dev.architectury.transformer.handler.TinyRemapperPreparedTransformerHandler
[Architectury Transformer DEBUG] Found class transformer
[Architectury Transformer DEBUG] Writing com/redpxnda/handson/client/TinkeringScreen with maxs=true frames=true
[Architectury Transformer DEBUG] Transformed com/redpxnda/handson/client/TinkeringScreen in 1.954 ms
[Architectury Transformer] Redefined 1 class(es) from C:\Users\grame\OneDrive\Desktop\Minecraft Modding\Hands On\common\build\devlibs\tm_handson-common-1.0-SNAPSHOT-dev.jar in 59.71 ms
[Architectury Transformer DEBUG] Closed File Systems for C:\Users\grame\OneDrive\Desktop\Minecraft Modding\Hands On\common\build\devlibs\tm_handson-common-1.0-SNAPSHOT-dev.jar
[Architectury Transformer] Detected File Modification at tm_handson-common-1.0-SNAPSHOT-dev.jar
[Architectury Transformer DEBUG] Transforming 5 transformer(s) from C:\Users\grame\OneDrive\Desktop\Minecraft Modding\Hands On\common\build\devlibs\tm_handson-common-1.0-SNAPSHOT-dev.jar to C:\Users\grame\AppData\Local\Temp\10332695132018379305.jar: 
[Architectury Transformer DEBUG]  - dev.architectury.transformer.transformers.RuntimeMixinRefmapDetector@347c2a1a
[Architectury Transformer DEBUG]  - dev.architectury.transformer.transformers.GenerateFakeFabricMod@205f33f3
[Architectury Transformer DEBUG]  - dev.architectury.transformer.transformers.TransformExpectPlatform@4cc1c39f
[Architectury Transformer DEBUG]  - dev.architectury.transformer.transformers.RemapInjectables@7123f4ff
[Architectury Transformer DEBUG]  - dev.architectury.transformer.transformers.TransformPlatformOnly@24da3c3b
[Architectury Transformer DEBUG] Transforming from C:\Users\grame\OneDrive\Desktop\Minecraft Modding\Hands On\common\build\devlibs\tm_handson-common-1.0-SNAPSHOT-dev.jar to C:\Users\grame\AppData\Local\Temp\10332695132018379305.jar with 5 transformer(s) on dev.architectury.transformer.handler.SimpleTransformerHandler
[Architectury Transformer DEBUG] Found class transformer
[Architectury Transformer DEBUG] Writing architectury_inject_handson_fabric_aac36992944843baad0df6ba37f9da80_2cbaf581e20010c712b9bbd1e389e7c0760bf60b8e88241b3f4f9d5cb9e4e186tm_handsoncommon10SNAPSHOTdevjar/PlatformMethods with maxs=true frames=true
[Architectury Transformer DEBUG] Writing com/redpxnda/handson/HandsOn with maxs=true frames=true
[Architectury Transformer DEBUG] Writing com/redpxnda/handson/client/TinkeringScreen with maxs=true frames=true
[Architectury Transformer DEBUG] Writing com/redpxnda/handson/mixin/CameraMixin with maxs=true frames=true
[Architectury Transformer DEBUG] Checking whether /tm_handson-common-common-refmap.json is a mixin config.
[Architectury Transformer DEBUG] Checking whether /handson.mixins.json is a mixin config.
[Architectury Transformer DEBUG] Checking whether /fabric.mod.json is a mixin config.
[Architectury Transformer DEBUG] Transforming from com/redpxnda/handson/HandsOn.class to com/redpxnda/handson/HandsOn.class with 5 transformer(s) on dev.architectury.transformer.handler.TinyRemapperPreparedTransformerHandler
[Architectury Transformer DEBUG] Found class transformer
[Architectury Transformer DEBUG] Writing com/redpxnda/handson/HandsOn with maxs=true frames=true
[Architectury Transformer DEBUG] Transformed com/redpxnda/handson/HandsOn in 956.8 μs
[Architectury Transformer DEBUG] Transforming from com/redpxnda/handson/client/TinkeringScreen.class to com/redpxnda/handson/client/TinkeringScreen.class with 5 transformer(s) on dev.architectury.transformer.handler.TinyRemapperPreparedTransformerHandler
[Architectury Transformer DEBUG] Found class transformer
[Architectury Transformer DEBUG] Writing com/redpxnda/handson/client/TinkeringScreen with maxs=true frames=true
[Architectury Transformer DEBUG] Transformed com/redpxnda/handson/client/TinkeringScreen in 2.496 ms
[Architectury Transformer DEBUG] Closed File Systems for C:\Users\grame\OneDrive\Desktop\Minecraft Modding\Hands On\common\build\devlibs\tm_handson-common-1.0-SNAPSHOT-dev.jar
[Architectury Transformer] Detected File Modification at tm_handson-common-1.0-SNAPSHOT-dev.jar
[Architectury Transformer DEBUG] Transforming 5 transformer(s) from C:\Users\grame\OneDrive\Desktop\Minecraft Modding\Hands On\common\build\devlibs\tm_handson-common-1.0-SNAPSHOT-dev.jar to C:\Users\grame\AppData\Local\Temp\10332695132018379305.jar: 
[Architectury Transformer DEBUG]  - dev.architectury.transformer.transformers.RuntimeMixinRefmapDetector@347c2a1a
[Architectury Transformer DEBUG]  - dev.architectury.transformer.transformers.GenerateFakeFabricMod@205f33f3
[Architectury Transformer DEBUG]  - dev.architectury.transformer.transformers.TransformExpectPlatform@4cc1c39f
[Architectury Transformer DEBUG]  - dev.architectury.transformer.transformers.RemapInjectables@7123f4ff
[Architectury Transformer DEBUG]  - dev.architectury.transformer.transformers.TransformPlatformOnly@24da3c3b
[Architectury Transformer DEBUG] Transforming from C:\Users\grame\OneDrive\Desktop\Minecraft Modding\Hands On\common\build\devlibs\tm_handson-common-1.0-SNAPSHOT-dev.jar to C:\Users\grame\AppData\Local\Temp\10332695132018379305.jar with 5 transformer(s) on dev.architectury.transformer.handler.SimpleTransformerHandler
[Architectury Transformer DEBUG] Found class transformer
[Architectury Transformer DEBUG] Writing architectury_inject_handson_fabric_aac36992944843baad0df6ba37f9da80_2cbaf581e20010c712b9bbd1e389e7c0760bf60b8e88241b3f4f9d5cb9e4e186tm_handsoncommon10SNAPSHOTdevjar/PlatformMethods with maxs=true frames=true
[Architectury Transformer DEBUG] Writing com/redpxnda/handson/HandsOn with maxs=true frames=true
[Architectury Transformer DEBUG] Writing com/redpxnda/handson/client/TinkeringScreen with maxs=true frames=true
[Architectury Transformer DEBUG] Writing com/redpxnda/handson/mixin/CameraMixin with maxs=true frames=true
[Architectury Transformer DEBUG] Checking whether /tm_handson-common-common-refmap.json is a mixin config.
[Architectury Transformer DEBUG] Checking whether /handson.mixins.json is a mixin config.
[Architectury Transformer DEBUG] Checking whether /fabric.mod.json is a mixin config.
[Architectury Transformer DEBUG] Redefining com.redpxnda.handson.client.TinkeringScreen
[Architectury Transformer DEBUG] Transforming from com/redpxnda/handson/client/TinkeringScreen.class to com/redpxnda/handson/client/TinkeringScreen.class with 5 transformer(s) on dev.architectury.transformer.handler.TinyRemapperPreparedTransformerHandler
[Architectury Transformer DEBUG] Found class transformer
[Architectury Transformer DEBUG] Writing com/redpxnda/handson/client/TinkeringScreen with maxs=true frames=true
[Architectury Transformer DEBUG] Transformed com/redpxnda/handson/client/TinkeringScreen in 1.422 ms
[Architectury Transformer] Redefined 1 class(es) from C:\Users\grame\OneDrive\Desktop\Minecraft Modding\Hands On\common\build\devlibs\tm_handson-common-1.0-SNAPSHOT-dev.jar in 70.57 ms
[Architectury Transformer DEBUG] Closed File Systems for C:\Users\grame\OneDrive\Desktop\Minecraft Modding\Hands On\common\build\devlibs\tm_handson-common-1.0-SNAPSHOT-dev.jar
[Architectury Transformer] Detected File Modification at tm_handson-common-1.0-SNAPSHOT-dev.jar
[Architectury Transformer DEBUG] Transforming 5 transformer(s) from C:\Users\grame\OneDrive\Desktop\Minecraft Modding\Hands On\common\build\devlibs\tm_handson-common-1.0-SNAPSHOT-dev.jar to C:\Users\grame\AppData\Local\Temp\10332695132018379305.jar: 
[Architectury Transformer DEBUG]  - dev.architectury.transformer.transformers.RuntimeMixinRefmapDetector@347c2a1a
[Architectury Transformer DEBUG]  - dev.architectury.transformer.transformers.GenerateFakeFabricMod@205f33f3
[Architectury Transformer DEBUG]  - dev.architectury.transformer.transformers.TransformExpectPlatform@4cc1c39f
[Architectury Transformer DEBUG]  - dev.architectury.transformer.transformers.RemapInjectables@7123f4ff
[Architectury Transformer DEBUG]  - dev.architectury.transformer.transformers.TransformPlatformOnly@24da3c3b
[Architectury Transformer DEBUG] Transforming from C:\Users\grame\OneDrive\Desktop\Minecraft Modding\Hands On\common\build\devlibs\tm_handson-common-1.0-SNAPSHOT-dev.jar to C:\Users\grame\AppData\Local\Temp\10332695132018379305.jar with 5 transformer(s) on dev.architectury.transformer.handler.SimpleTransformerHandler
[Architectury Transformer DEBUG] Found class transformer
[Architectury Transformer DEBUG] Writing architectury_inject_handson_fabric_aac36992944843baad0df6ba37f9da80_2cbaf581e20010c712b9bbd1e389e7c0760bf60b8e88241b3f4f9d5cb9e4e186tm_handsoncommon10SNAPSHOTdevjar/PlatformMethods with maxs=true frames=true
[Architectury Transformer DEBUG] Writing com/redpxnda/handson/HandsOn with maxs=true frames=true
[Architectury Transformer DEBUG] Writing com/redpxnda/handson/client/TinkeringScreen with maxs=true frames=true
[Architectury Transformer DEBUG] Writing com/redpxnda/handson/mixin/CameraMixin with maxs=true frames=true
[Architectury Transformer DEBUG] Checking whether /tm_handson-common-common-refmap.json is a mixin config.
[Architectury Transformer DEBUG] Checking whether /handson.mixins.json is a mixin config.
[Architectury Transformer DEBUG] Checking whether /fabric.mod.json is a mixin config.
[Architectury Transformer DEBUG] Closed File Systems for C:\Users\grame\OneDrive\Desktop\Minecraft Modding\Hands On\common\build\devlibs\tm_handson-common-1.0-SNAPSHOT-dev.jar
[Architectury Transformer] Detected File Modification at tm_handson-common-1.0-SNAPSHOT-dev.jar
[Architectury Transformer DEBUG] Transforming 5 transformer(s) from C:\Users\grame\OneDrive\Desktop\Minecraft Modding\Hands On\common\build\devlibs\tm_handson-common-1.0-SNAPSHOT-dev.jar to C:\Users\grame\AppData\Local\Temp\10332695132018379305.jar: 
[Architectury Transformer DEBUG]  - dev.architectury.transformer.transformers.RuntimeMixinRefmapDetector@347c2a1a
[Architectury Transformer DEBUG]  - dev.architectury.transformer.transformers.GenerateFakeFabricMod@205f33f3
[Architectury Transformer DEBUG]  - dev.architectury.transformer.transformers.TransformExpectPlatform@4cc1c39f
[Architectury Transformer DEBUG]  - dev.architectury.transformer.transformers.RemapInjectables@7123f4ff
[Architectury Transformer DEBUG]  - dev.architectury.transformer.transformers.TransformPlatformOnly@24da3c3b
[Architectury Transformer DEBUG] Transforming from C:\Users\grame\OneDrive\Desktop\Minecraft Modding\Hands On\common\build\devlibs\tm_handson-common-1.0-SNAPSHOT-dev.jar to C:\Users\grame\AppData\Local\Temp\10332695132018379305.jar with 5 transformer(s) on dev.architectury.transformer.handler.SimpleTransformerHandler
[Architectury Transformer DEBUG] Found class transformer
[Architectury Transformer DEBUG] Writing architectury_inject_handson_fabric_aac36992944843baad0df6ba37f9da80_2cbaf581e20010c712b9bbd1e389e7c0760bf60b8e88241b3f4f9d5cb9e4e186tm_handsoncommon10SNAPSHOTdevjar/PlatformMethods with maxs=true frames=true
[Architectury Transformer DEBUG] Writing com/redpxnda/handson/HandsOn with maxs=true frames=true
[Architectury Transformer DEBUG] Writing com/redpxnda/handson/client/TinkeringScreen with maxs=true frames=true
[Architectury Transformer DEBUG] Writing com/redpxnda/handson/mixin/CameraMixin with maxs=true frames=true
[Architectury Transformer DEBUG] Checking whether /tm_handson-common-common-refmap.json is a mixin config.
[Architectury Transformer DEBUG] Checking whether /handson.mixins.json is a mixin config.
[Architectury Transformer DEBUG] Checking whether /fabric.mod.json is a mixin config.
[Architectury Transformer DEBUG] Redefining com.redpxnda.handson.client.TinkeringScreen
[Architectury Transformer DEBUG] Transforming from com/redpxnda/handson/client/TinkeringScreen.class to com/redpxnda/handson/client/TinkeringScreen.class with 5 transformer(s) on dev.architectury.transformer.handler.TinyRemapperPreparedTransformerHandler
[Architectury Transformer DEBUG] Found class transformer
[Architectury Transformer DEBUG] Writing com/redpxnda/handson/client/TinkeringScreen with maxs=true frames=true
[Architectury Transformer DEBUG] Transformed com/redpxnda/handson/client/TinkeringScreen in 955.3 μs
[Architectury Transformer] Redefined 1 class(es) from C:\Users\grame\OneDrive\Desktop\Minecraft Modding\Hands On\common\build\devlibs\tm_handson-common-1.0-SNAPSHOT-dev.jar in 61.24 ms
[Architectury Transformer DEBUG] Closed File Systems for C:\Users\grame\OneDrive\Desktop\Minecraft Modding\Hands On\common\build\devlibs\tm_handson-common-1.0-SNAPSHOT-dev.jar
[Architectury Transformer] Detected File Modification at tm_handson-common-1.0-SNAPSHOT-dev.jar
[Architectury Transformer DEBUG] Transforming 5 transformer(s) from C:\Users\grame\OneDrive\Desktop\Minecraft Modding\Hands On\common\build\devlibs\tm_handson-common-1.0-SNAPSHOT-dev.jar to C:\Users\grame\AppData\Local\Temp\10332695132018379305.jar: 
[Architectury Transformer DEBUG]  - dev.architectury.transformer.transformers.RuntimeMixinRefmapDetector@347c2a1a
[Architectury Transformer DEBUG]  - dev.architectury.transformer.transformers.GenerateFakeFabricMod@205f33f3
[Architectury Transformer DEBUG]  - dev.architectury.transformer.transformers.TransformExpectPlatform@4cc1c39f
[Architectury Transformer DEBUG]  - dev.architectury.transformer.transformers.RemapInjectables@7123f4ff
[Architectury Transformer DEBUG]  - dev.architectury.transformer.transformers.TransformPlatformOnly@24da3c3b
[Architectury Transformer DEBUG] Transforming from C:\Users\grame\OneDrive\Desktop\Minecraft Modding\Hands On\common\build\devlibs\tm_handson-common-1.0-SNAPSHOT-dev.jar to C:\Users\grame\AppData\Local\Temp\10332695132018379305.jar with 5 transformer(s) on dev.architectury.transformer.handler.SimpleTransformerHandler
[Architectury Transformer DEBUG] Found class transformer
[Architectury Transformer DEBUG] Writing architectury_inject_handson_fabric_aac36992944843baad0df6ba37f9da80_2cbaf581e20010c712b9bbd1e389e7c0760bf60b8e88241b3f4f9d5cb9e4e186tm_handsoncommon10SNAPSHOTdevjar/PlatformMethods with maxs=true frames=true
[Architectury Transformer DEBUG] Writing com/redpxnda/handson/HandsOn with maxs=true frames=true
[Architectury Transformer DEBUG] Writing com/redpxnda/handson/client/TinkeringScreen with maxs=true frames=true
[Architectury Transformer DEBUG] Writing com/redpxnda/handson/mixin/CameraMixin with maxs=true frames=true
[Architectury Transformer DEBUG] Checking whether /tm_handson-common-common-refmap.json is a mixin config.
[Architectury Transformer DEBUG] Checking whether /handson.mixins.json is a mixin config.
[Architectury Transformer DEBUG] Checking whether /fabric.mod.json is a mixin config.
[Architectury Transformer DEBUG] Closed File Systems for C:\Users\grame\OneDrive\Desktop\Minecraft Modding\Hands On\common\build\devlibs\tm_handson-common-1.0-SNAPSHOT-dev.jar
[Architectury Transformer] Detected File Modification at tm_handson-common-1.0-SNAPSHOT-dev.jar
[Architectury Transformer DEBUG] Transforming 5 transformer(s) from C:\Users\grame\OneDrive\Desktop\Minecraft Modding\Hands On\common\build\devlibs\tm_handson-common-1.0-SNAPSHOT-dev.jar to C:\Users\grame\AppData\Local\Temp\10332695132018379305.jar: 
[Architectury Transformer DEBUG]  - dev.architectury.transformer.transformers.RuntimeMixinRefmapDetector@347c2a1a
[Architectury Transformer DEBUG]  - dev.architectury.transformer.transformers.GenerateFakeFabricMod@205f33f3
[Architectury Transformer DEBUG]  - dev.architectury.transformer.transformers.TransformExpectPlatform@4cc1c39f
[Architectury Transformer DEBUG]  - dev.architectury.transformer.transformers.RemapInjectables@7123f4ff
[Architectury Transformer DEBUG]  - dev.architectury.transformer.transformers.TransformPlatformOnly@24da3c3b
[Architectury Transformer DEBUG] Transforming from C:\Users\grame\OneDrive\Desktop\Minecraft Modding\Hands On\common\build\devlibs\tm_handson-common-1.0-SNAPSHOT-dev.jar to C:\Users\grame\AppData\Local\Temp\10332695132018379305.jar with 5 transformer(s) on dev.architectury.transformer.handler.SimpleTransformerHandler
[Architectury Transformer DEBUG] Found class transformer
[Architectury Transformer DEBUG] Writing architectury_inject_handson_fabric_aac36992944843baad0df6ba37f9da80_2cbaf581e20010c712b9bbd1e389e7c0760bf60b8e88241b3f4f9d5cb9e4e186tm_handsoncommon10SNAPSHOTdevjar/PlatformMethods with maxs=true frames=true
[Architectury Transformer DEBUG] Writing com/redpxnda/handson/HandsOn with maxs=true frames=true
[Architectury Transformer DEBUG] Writing com/redpxnda/handson/client/TinkeringScreen with maxs=true frames=true
[Architectury Transformer DEBUG] Writing com/redpxnda/handson/mixin/CameraMixin with maxs=true frames=true
[Architectury Transformer DEBUG] Checking whether /tm_handson-common-common-refmap.json is a mixin config.
[Architectury Transformer DEBUG] Checking whether /handson.mixins.json is a mixin config.
[Architectury Transformer DEBUG] Checking whether /fabric.mod.json is a mixin config.
[Architectury Transformer DEBUG] Redefining com.redpxnda.handson.client.TinkeringScreen
[Architectury Transformer DEBUG] Transforming from com/redpxnda/handson/client/TinkeringScreen.class to com/redpxnda/handson/client/TinkeringScreen.class with 5 transformer(s) on dev.architectury.transformer.handler.TinyRemapperPreparedTransformerHandler
[Architectury Transformer DEBUG] Found class transformer
[Architectury Transformer DEBUG] Writing com/redpxnda/handson/client/TinkeringScreen with maxs=true frames=true
[Architectury Transformer DEBUG] Transformed com/redpxnda/handson/client/TinkeringScreen in 894.3 μs
[Architectury Transformer] Redefined 1 class(es) from C:\Users\grame\OneDrive\Desktop\Minecraft Modding\Hands On\common\build\devlibs\tm_handson-common-1.0-SNAPSHOT-dev.jar in 47.95 ms
[Architectury Transformer DEBUG] Closed File Systems for C:\Users\grame\OneDrive\Desktop\Minecraft Modding\Hands On\common\build\devlibs\tm_handson-common-1.0-SNAPSHOT-dev.jar
[Architectury Transformer] Detected File Modification at tm_handson-common-1.0-SNAPSHOT-dev.jar
[Architectury Transformer DEBUG] Transforming 5 transformer(s) from C:\Users\grame\OneDrive\Desktop\Minecraft Modding\Hands On\common\build\devlibs\tm_handson-common-1.0-SNAPSHOT-dev.jar to C:\Users\grame\AppData\Local\Temp\10332695132018379305.jar: 
[Architectury Transformer DEBUG]  - dev.architectury.transformer.transformers.RuntimeMixinRefmapDetector@347c2a1a
[Architectury Transformer DEBUG]  - dev.architectury.transformer.transformers.GenerateFakeFabricMod@205f33f3
[Architectury Transformer DEBUG]  - dev.architectury.transformer.transformers.TransformExpectPlatform@4cc1c39f
[Architectury Transformer DEBUG]  - dev.architectury.transformer.transformers.RemapInjectables@7123f4ff
[Architectury Transformer DEBUG]  - dev.architectury.transformer.transformers.TransformPlatformOnly@24da3c3b
[Architectury Transformer DEBUG] Transforming from C:\Users\grame\OneDrive\Desktop\Minecraft Modding\Hands On\common\build\devlibs\tm_handson-common-1.0-SNAPSHOT-dev.jar to C:\Users\grame\AppData\Local\Temp\10332695132018379305.jar with 5 transformer(s) on dev.architectury.transformer.handler.SimpleTransformerHandler
[Architectury Transformer DEBUG] Found class transformer
[Architectury Transformer DEBUG] Writing architectury_inject_handson_fabric_aac36992944843baad0df6ba37f9da80_2cbaf581e20010c712b9bbd1e389e7c0760bf60b8e88241b3f4f9d5cb9e4e186tm_handsoncommon10SNAPSHOTdevjar/PlatformMethods with maxs=true frames=true
[Architectury Transformer DEBUG] Writing com/redpxnda/handson/HandsOn with maxs=true frames=true
[Architectury Transformer DEBUG] Writing com/redpxnda/handson/client/TinkeringScreen with maxs=true frames=true
[Architectury Transformer DEBUG] Writing com/redpxnda/handson/mixin/CameraMixin with maxs=true frames=true
[Architectury Transformer DEBUG] Checking whether /tm_handson-common-common-refmap.json is a mixin config.
[Architectury Transformer DEBUG] Checking whether /handson.mixins.json is a mixin config.
[Architectury Transformer DEBUG] Checking whether /fabric.mod.json is a mixin config.
[Architectury Transformer DEBUG] Transforming from com/redpxnda/handson/HandsOn.class to com/redpxnda/handson/HandsOn.class with 5 transformer(s) on dev.architectury.transformer.handler.TinyRemapperPreparedTransformerHandler
[Architectury Transformer DEBUG] Found class transformer
[Architectury Transformer DEBUG] Writing com/redpxnda/handson/HandsOn with maxs=true frames=true
[Architectury Transformer DEBUG] Transformed com/redpxnda/handson/HandsOn in 759.9 μs
[Architectury Transformer DEBUG] Transforming from com/redpxnda/handson/client/TinkeringScreen.class to com/redpxnda/handson/client/TinkeringScreen.class with 5 transformer(s) on dev.architectury.transformer.handler.TinyRemapperPreparedTransformerHandler
[Architectury Transformer DEBUG] Found class transformer
[Architectury Transformer DEBUG] Writing com/redpxnda/handson/client/TinkeringScreen with maxs=true frames=true
[Architectury Transformer DEBUG] Transformed com/redpxnda/handson/client/TinkeringScreen in 701.9 μs
[Architectury Transformer DEBUG] Closed File Systems for C:\Users\grame\OneDrive\Desktop\Minecraft Modding\Hands On\common\build\devlibs\tm_handson-common-1.0-SNAPSHOT-dev.jar
[Architectury Transformer] Detected File Modification at tm_handson-common-1.0-SNAPSHOT-dev.jar
[Architectury Transformer DEBUG] Transforming 5 transformer(s) from C:\Users\grame\OneDrive\Desktop\Minecraft Modding\Hands On\common\build\devlibs\tm_handson-common-1.0-SNAPSHOT-dev.jar to C:\Users\grame\AppData\Local\Temp\10332695132018379305.jar: 
[Architectury Transformer DEBUG]  - dev.architectury.transformer.transformers.RuntimeMixinRefmapDetector@347c2a1a
[Architectury Transformer DEBUG]  - dev.architectury.transformer.transformers.GenerateFakeFabricMod@205f33f3
[Architectury Transformer DEBUG]  - dev.architectury.transformer.transformers.TransformExpectPlatform@4cc1c39f
[Architectury Transformer DEBUG]  - dev.architectury.transformer.transformers.RemapInjectables@7123f4ff
[Architectury Transformer DEBUG]  - dev.architectury.transformer.transformers.TransformPlatformOnly@24da3c3b
[Architectury Transformer DEBUG] Transforming from C:\Users\grame\OneDrive\Desktop\Minecraft Modding\Hands On\common\build\devlibs\tm_handson-common-1.0-SNAPSHOT-dev.jar to C:\Users\grame\AppData\Local\Temp\10332695132018379305.jar with 5 transformer(s) on dev.architectury.transformer.handler.SimpleTransformerHandler
[Architectury Transformer DEBUG] Found class transformer
[Architectury Transformer DEBUG] Writing architectury_inject_handson_fabric_aac36992944843baad0df6ba37f9da80_2cbaf581e20010c712b9bbd1e389e7c0760bf60b8e88241b3f4f9d5cb9e4e186tm_handsoncommon10SNAPSHOTdevjar/PlatformMethods with maxs=true frames=true
[Architectury Transformer DEBUG] Writing com/redpxnda/handson/HandsOn with maxs=true frames=true
[Architectury Transformer DEBUG] Writing com/redpxnda/handson/client/TinkeringScreen with maxs=true frames=true
[Architectury Transformer DEBUG] Writing com/redpxnda/handson/mixin/CameraMixin with maxs=true frames=true
[Architectury Transformer DEBUG] Checking whether /tm_handson-common-common-refmap.json is a mixin config.
[Architectury Transformer DEBUG] Checking whether /handson.mixins.json is a mixin config.
[Architectury Transformer DEBUG] Checking whether /fabric.mod.json is a mixin config.
[Architectury Transformer DEBUG] Redefining com.redpxnda.handson.client.TinkeringScreen
[Architectury Transformer DEBUG] Transforming from com/redpxnda/handson/client/TinkeringScreen.class to com/redpxnda/handson/client/TinkeringScreen.class with 5 transformer(s) on dev.architectury.transformer.handler.TinyRemapperPreparedTransformerHandler
[Architectury Transformer DEBUG] Found class transformer
[Architectury Transformer DEBUG] Writing com/redpxnda/handson/client/TinkeringScreen with maxs=true frames=true
[Architectury Transformer DEBUG] Transformed com/redpxnda/handson/client/TinkeringScreen in 693.6 μs
[Architectury Transformer] Redefined 1 class(es) from C:\Users\grame\OneDrive\Desktop\Minecraft Modding\Hands On\common\build\devlibs\tm_handson-common-1.0-SNAPSHOT-dev.jar in 47.26 ms
[Architectury Transformer DEBUG] Closed File Systems for C:\Users\grame\OneDrive\Desktop\Minecraft Modding\Hands On\common\build\devlibs\tm_handson-common-1.0-SNAPSHOT-dev.jar
[Architectury Transformer] Detected File Modification at tm_handson-common-1.0-SNAPSHOT-dev.jar
[Architectury Transformer DEBUG] Transforming 5 transformer(s) from C:\Users\grame\OneDrive\Desktop\Minecraft Modding\Hands On\common\build\devlibs\tm_handson-common-1.0-SNAPSHOT-dev.jar to C:\Users\grame\AppData\Local\Temp\10332695132018379305.jar: 
[Architectury Transformer DEBUG]  - dev.architectury.transformer.transformers.RuntimeMixinRefmapDetector@347c2a1a
[Architectury Transformer DEBUG]  - dev.architectury.transformer.transformers.GenerateFakeFabricMod@205f33f3
[Architectury Transformer DEBUG]  - dev.architectury.transformer.transformers.TransformExpectPlatform@4cc1c39f
[Architectury Transformer DEBUG]  - dev.architectury.transformer.transformers.RemapInjectables@7123f4ff
[Architectury Transformer DEBUG]  - dev.architectury.transformer.transformers.TransformPlatformOnly@24da3c3b
[Architectury Transformer DEBUG] Transforming from C:\Users\grame\OneDrive\Desktop\Minecraft Modding\Hands On\common\build\devlibs\tm_handson-common-1.0-SNAPSHOT-dev.jar to C:\Users\grame\AppData\Local\Temp\10332695132018379305.jar with 5 transformer(s) on dev.architectury.transformer.handler.SimpleTransformerHandler
[Architectury Transformer DEBUG] Found class transformer
[Architectury Transformer DEBUG] Writing architectury_inject_handson_fabric_aac36992944843baad0df6ba37f9da80_2cbaf581e20010c712b9bbd1e389e7c0760bf60b8e88241b3f4f9d5cb9e4e186tm_handsoncommon10SNAPSHOTdevjar/PlatformMethods with maxs=true frames=true
[Architectury Transformer DEBUG] Writing com/redpxnda/handson/HandsOn with maxs=true frames=true
[Architectury Transformer DEBUG] Writing com/redpxnda/handson/client/TinkeringScreen with maxs=true frames=true
[Architectury Transformer DEBUG] Writing com/redpxnda/handson/mixin/CameraMixin with maxs=true frames=true
[Architectury Transformer DEBUG] Checking whether /tm_handson-common-common-refmap.json is a mixin config.
[Architectury Transformer DEBUG] Checking whether /handson.mixins.json is a mixin config.
[Architectury Transformer DEBUG] Checking whether /fabric.mod.json is a mixin config.
[Architectury Transformer DEBUG] Transforming from com/redpxnda/handson/HandsOn.class to com/redpxnda/handson/HandsOn.class with 5 transformer(s) on dev.architectury.transformer.handler.TinyRemapperPreparedTransformerHandler
[Architectury Transformer DEBUG] Found class transformer
[Architectury Transformer DEBUG] Writing com/redpxnda/handson/HandsOn with maxs=true frames=true
[Architectury Transformer DEBUG] Transformed com/redpxnda/handson/HandsOn in 1.062 ms
[Architectury Transformer DEBUG] Transforming from com/redpxnda/handson/client/TinkeringScreen.class to com/redpxnda/handson/client/TinkeringScreen.class with 5 transformer(s) on dev.architectury.transformer.handler.TinyRemapperPreparedTransformerHandler
[Architectury Transformer DEBUG] Found class transformer
[Architectury Transformer DEBUG] Writing com/redpxnda/handson/client/TinkeringScreen with maxs=true frames=true
[Architectury Transformer DEBUG] Transformed com/redpxnda/handson/client/TinkeringScreen in 669.6 μs
[Architectury Transformer DEBUG] Closed File Systems for C:\Users\grame\OneDrive\Desktop\Minecraft Modding\Hands On\common\build\devlibs\tm_handson-common-1.0-SNAPSHOT-dev.jar
[Architectury Transformer] Detected File Modification at tm_handson-common-1.0-SNAPSHOT-dev.jar
[Architectury Transformer DEBUG] Transforming 5 transformer(s) from C:\Users\grame\OneDrive\Desktop\Minecraft Modding\Hands On\common\build\devlibs\tm_handson-common-1.0-SNAPSHOT-dev.jar to C:\Users\grame\AppData\Local\Temp\10332695132018379305.jar: 
[Architectury Transformer DEBUG]  - dev.architectury.transformer.transformers.RuntimeMixinRefmapDetector@347c2a1a
[Architectury Transformer DEBUG]  - dev.architectury.transformer.transformers.GenerateFakeFabricMod@205f33f3
[Architectury Transformer DEBUG]  - dev.architectury.transformer.transformers.TransformExpectPlatform@4cc1c39f
[Architectury Transformer DEBUG]  - dev.architectury.transformer.transformers.RemapInjectables@7123f4ff
[Architectury Transformer DEBUG]  - dev.architectury.transformer.transformers.TransformPlatformOnly@24da3c3b
[Architectury Transformer DEBUG] Transforming from C:\Users\grame\OneDrive\Desktop\Minecraft Modding\Hands On\common\build\devlibs\tm_handson-common-1.0-SNAPSHOT-dev.jar to C:\Users\grame\AppData\Local\Temp\10332695132018379305.jar with 5 transformer(s) on dev.architectury.transformer.handler.SimpleTransformerHandler
[Architectury Transformer DEBUG] Found class transformer
[Architectury Transformer DEBUG] Writing architectury_inject_handson_fabric_aac36992944843baad0df6ba37f9da80_2cbaf581e20010c712b9bbd1e389e7c0760bf60b8e88241b3f4f9d5cb9e4e186tm_handsoncommon10SNAPSHOTdevjar/PlatformMethods with maxs=true frames=true
[Architectury Transformer DEBUG] Writing com/redpxnda/handson/HandsOn with maxs=true frames=true
[Architectury Transformer DEBUG] Writing com/redpxnda/handson/client/TinkeringScreen with maxs=true frames=true
[Architectury Transformer DEBUG] Writing com/redpxnda/handson/mixin/CameraMixin with maxs=true frames=true
[Architectury Transformer DEBUG] Checking whether /tm_handson-common-common-refmap.json is a mixin config.
[Architectury Transformer DEBUG] Checking whether /handson.mixins.json is a mixin config.
[Architectury Transformer DEBUG] Checking whether /fabric.mod.json is a mixin config.
[Architectury Transformer DEBUG] Redefining com.redpxnda.handson.client.TinkeringScreen
[Architectury Transformer DEBUG] Transforming from com/redpxnda/handson/client/TinkeringScreen.class to com/redpxnda/handson/client/TinkeringScreen.class with 5 transformer(s) on dev.architectury.transformer.handler.TinyRemapperPreparedTransformerHandler
[Architectury Transformer DEBUG] Found class transformer
[Architectury Transformer DEBUG] Writing com/redpxnda/handson/client/TinkeringScreen with maxs=true frames=true
[Architectury Transformer DEBUG] Transformed com/redpxnda/handson/client/TinkeringScreen in 1.031 ms
[Architectury Transformer] Redefined 1 class(es) from C:\Users\grame\OneDrive\Desktop\Minecraft Modding\Hands On\common\build\devlibs\tm_handson-common-1.0-SNAPSHOT-dev.jar in 40.69 ms
[Architectury Transformer DEBUG] Closed File Systems for C:\Users\grame\OneDrive\Desktop\Minecraft Modding\Hands On\common\build\devlibs\tm_handson-common-1.0-SNAPSHOT-dev.jar
[Architectury Transformer] Detected File Modification at tm_handson-common-1.0-SNAPSHOT-dev.jar
[Architectury Transformer DEBUG] Transforming 5 transformer(s) from C:\Users\grame\OneDrive\Desktop\Minecraft Modding\Hands On\common\build\devlibs\tm_handson-common-1.0-SNAPSHOT-dev.jar to C:\Users\grame\AppData\Local\Temp\10332695132018379305.jar: 
[Architectury Transformer DEBUG]  - dev.architectury.transformer.transformers.RuntimeMixinRefmapDetector@347c2a1a
[Architectury Transformer DEBUG]  - dev.architectury.transformer.transformers.GenerateFakeFabricMod@205f33f3
[Architectury Transformer DEBUG]  - dev.architectury.transformer.transformers.TransformExpectPlatform@4cc1c39f
[Architectury Transformer DEBUG]  - dev.architectury.transformer.transformers.RemapInjectables@7123f4ff
[Architectury Transformer DEBUG]  - dev.architectury.transformer.transformers.TransformPlatformOnly@24da3c3b
[Architectury Transformer DEBUG] Transforming from C:\Users\grame\OneDrive\Desktop\Minecraft Modding\Hands On\common\build\devlibs\tm_handson-common-1.0-SNAPSHOT-dev.jar to C:\Users\grame\AppData\Local\Temp\10332695132018379305.jar with 5 transformer(s) on dev.architectury.transformer.handler.SimpleTransformerHandler
[Architectury Transformer DEBUG] Found class transformer
[Architectury Transformer DEBUG] Writing architectury_inject_handson_fabric_aac36992944843baad0df6ba37f9da80_2cbaf581e20010c712b9bbd1e389e7c0760bf60b8e88241b3f4f9d5cb9e4e186tm_handsoncommon10SNAPSHOTdevjar/PlatformMethods with maxs=true frames=true
[Architectury Transformer DEBUG] Writing com/redpxnda/handson/HandsOn with maxs=true frames=true
[Architectury Transformer DEBUG] Writing com/redpxnda/handson/client/TinkeringScreen with maxs=true frames=true
[Architectury Transformer DEBUG] Writing com/redpxnda/handson/mixin/CameraMixin with maxs=true frames=true
[Architectury Transformer DEBUG] Checking whether /tm_handson-common-common-refmap.json is a mixin config.
[Architectury Transformer DEBUG] Checking whether /handson.mixins.json is a mixin config.
[Architectury Transformer DEBUG] Checking whether /fabric.mod.json is a mixin config.
[Architectury Transformer DEBUG] Transforming from com/redpxnda/handson/HandsOn.class to com/redpxnda/handson/HandsOn.class with 5 transformer(s) on dev.architectury.transformer.handler.TinyRemapperPreparedTransformerHandler
[Architectury Transformer DEBUG] Found class transformer
[Architectury Transformer DEBUG] Writing com/redpxnda/handson/HandsOn with maxs=true frames=true
[Architectury Transformer DEBUG] Transformed com/redpxnda/handson/HandsOn in 1.417 ms
[Architectury Transformer DEBUG] Transforming from com/redpxnda/handson/client/TinkeringScreen.class to com/redpxnda/handson/client/TinkeringScreen.class with 5 transformer(s) on dev.architectury.transformer.handler.TinyRemapperPreparedTransformerHandler
[Architectury Transformer DEBUG] Found class transformer
[Architectury Transformer DEBUG] Writing com/redpxnda/handson/client/TinkeringScreen with maxs=true frames=true
[Architectury Transformer DEBUG] Transformed com/redpxnda/handson/client/TinkeringScreen in 1.018 ms
[Architectury Transformer DEBUG] Closed File Systems for C:\Users\grame\OneDrive\Desktop\Minecraft Modding\Hands On\common\build\devlibs\tm_handson-common-1.0-SNAPSHOT-dev.jar
[Architectury Transformer] Detected File Modification at tm_handson-common-1.0-SNAPSHOT-dev.jar
[Architectury Transformer DEBUG] Transforming 5 transformer(s) from C:\Users\grame\OneDrive\Desktop\Minecraft Modding\Hands On\common\build\devlibs\tm_handson-common-1.0-SNAPSHOT-dev.jar to C:\Users\grame\AppData\Local\Temp\10332695132018379305.jar: 
[Architectury Transformer DEBUG]  - dev.architectury.transformer.transformers.RuntimeMixinRefmapDetector@347c2a1a
[Architectury Transformer DEBUG]  - dev.architectury.transformer.transformers.GenerateFakeFabricMod@205f33f3
[Architectury Transformer DEBUG]  - dev.architectury.transformer.transformers.TransformExpectPlatform@4cc1c39f
[Architectury Transformer DEBUG]  - dev.architectury.transformer.transformers.RemapInjectables@7123f4ff
[Architectury Transformer DEBUG]  - dev.architectury.transformer.transformers.TransformPlatformOnly@24da3c3b
[Architectury Transformer DEBUG] Transforming from C:\Users\grame\OneDrive\Desktop\Minecraft Modding\Hands On\common\build\devlibs\tm_handson-common-1.0-SNAPSHOT-dev.jar to C:\Users\grame\AppData\Local\Temp\10332695132018379305.jar with 5 transformer(s) on dev.architectury.transformer.handler.SimpleTransformerHandler
[Architectury Transformer DEBUG] Found class transformer
[Architectury Transformer DEBUG] Writing architectury_inject_handson_fabric_aac36992944843baad0df6ba37f9da80_2cbaf581e20010c712b9bbd1e389e7c0760bf60b8e88241b3f4f9d5cb9e4e186tm_handsoncommon10SNAPSHOTdevjar/PlatformMethods with maxs=true frames=true
[Architectury Transformer DEBUG] Writing com/redpxnda/handson/HandsOn with maxs=true frames=true
[Architectury Transformer DEBUG] Writing com/redpxnda/handson/client/TinkeringScreen with maxs=true frames=true
[Architectury Transformer DEBUG] Writing com/redpxnda/handson/mixin/CameraMixin with maxs=true frames=true
[Architectury Transformer DEBUG] Checking whether /tm_handson-common-common-refmap.json is a mixin config.
[Architectury Transformer DEBUG] Checking whether /handson.mixins.json is a mixin config.
[Architectury Transformer DEBUG] Checking whether /fabric.mod.json is a mixin config.
[Architectury Transformer DEBUG] Redefining com.redpxnda.handson.HandsOn
[Architectury Transformer DEBUG] Transforming from com/redpxnda/handson/HandsOn.class to com/redpxnda/handson/HandsOn.class with 5 transformer(s) on dev.architectury.transformer.handler.TinyRemapperPreparedTransformerHandler
[Architectury Transformer DEBUG] Found class transformer
[Architectury Transformer DEBUG] Writing com/redpxnda/handson/HandsOn with maxs=true frames=true
[Architectury Transformer DEBUG] Transformed com/redpxnda/handson/HandsOn in 488.6 μs
[Architectury Transformer] Redefined 1 class(es) from C:\Users\grame\OneDrive\Desktop\Minecraft Modding\Hands On\common\build\devlibs\tm_handson-common-1.0-SNAPSHOT-dev.jar in 48.85 ms
[Architectury Transformer DEBUG] Closed File Systems for C:\Users\grame\OneDrive\Desktop\Minecraft Modding\Hands On\common\build\devlibs\tm_handson-common-1.0-SNAPSHOT-dev.jar
[Architectury Transformer] Detected File Modification at tm_handson-common-1.0-SNAPSHOT-dev.jar
[Architectury Transformer DEBUG] Transforming 5 transformer(s) from C:\Users\grame\OneDrive\Desktop\Minecraft Modding\Hands On\common\build\devlibs\tm_handson-common-1.0-SNAPSHOT-dev.jar to C:\Users\grame\AppData\Local\Temp\10332695132018379305.jar: 
[Architectury Transformer DEBUG]  - dev.architectury.transformer.transformers.RuntimeMixinRefmapDetector@347c2a1a
[Architectury Transformer DEBUG]  - dev.architectury.transformer.transformers.GenerateFakeFabricMod@205f33f3
[Architectury Transformer DEBUG]  - dev.architectury.transformer.transformers.TransformExpectPlatform@4cc1c39f
[Architectury Transformer DEBUG]  - dev.architectury.transformer.transformers.RemapInjectables@7123f4ff
[Architectury Transformer DEBUG]  - dev.architectury.transformer.transformers.TransformPlatformOnly@24da3c3b
[Architectury Transformer DEBUG] Transforming from C:\Users\grame\OneDrive\Desktop\Minecraft Modding\Hands On\common\build\devlibs\tm_handson-common-1.0-SNAPSHOT-dev.jar to C:\Users\grame\AppData\Local\Temp\10332695132018379305.jar with 5 transformer(s) on dev.architectury.transformer.handler.SimpleTransformerHandler
[Architectury Transformer DEBUG] Found class transformer
[Architectury Transformer DEBUG] Writing architectury_inject_handson_fabric_aac36992944843baad0df6ba37f9da80_2cbaf581e20010c712b9bbd1e389e7c0760bf60b8e88241b3f4f9d5cb9e4e186tm_handsoncommon10SNAPSHOTdevjar/PlatformMethods with maxs=true frames=true
[Architectury Transformer DEBUG] Writing com/redpxnda/handson/HandsOn with maxs=true frames=true
[Architectury Transformer DEBUG] Writing com/redpxnda/handson/client/TinkeringScreen with maxs=true frames=true
[Architectury Transformer DEBUG] Writing com/redpxnda/handson/mixin/CameraMixin with maxs=true frames=true
[Architectury Transformer DEBUG] Checking whether /tm_handson-common-common-refmap.json is a mixin config.
[Architectury Transformer DEBUG] Checking whether /handson.mixins.json is a mixin config.
[Architectury Transformer DEBUG] Checking whether /fabric.mod.json is a mixin config.
[Architectury Transformer DEBUG] Transforming from com/redpxnda/handson/HandsOn.class to com/redpxnda/handson/HandsOn.class with 5 transformer(s) on dev.architectury.transformer.handler.TinyRemapperPreparedTransformerHandler
[Architectury Transformer DEBUG] Found class transformer
[Architectury Transformer DEBUG] Writing com/redpxnda/handson/HandsOn with maxs=true frames=true
[Architectury Transformer DEBUG] Transformed com/redpxnda/handson/HandsOn in 898.6 μs
[Architectury Transformer DEBUG] Transforming from com/redpxnda/handson/client/TinkeringScreen.class to com/redpxnda/handson/client/TinkeringScreen.class with 5 transformer(s) on dev.architectury.transformer.handler.TinyRemapperPreparedTransformerHandler
[Architectury Transformer DEBUG] Found class transformer
[Architectury Transformer DEBUG] Writing com/redpxnda/handson/client/TinkeringScreen with maxs=true frames=true
[Architectury Transformer DEBUG] Transformed com/redpxnda/handson/client/TinkeringScreen in 756.1 μs
[Architectury Transformer DEBUG] Closed File Systems for C:\Users\grame\OneDrive\Desktop\Minecraft Modding\Hands On\common\build\devlibs\tm_handson-common-1.0-SNAPSHOT-dev.jar
[Architectury Transformer] Detected File Modification at tm_handson-common-1.0-SNAPSHOT-dev.jar
[Architectury Transformer DEBUG] Transforming 5 transformer(s) from C:\Users\grame\OneDrive\Desktop\Minecraft Modding\Hands On\common\build\devlibs\tm_handson-common-1.0-SNAPSHOT-dev.jar to C:\Users\grame\AppData\Local\Temp\10332695132018379305.jar: 
[Architectury Transformer DEBUG]  - dev.architectury.transformer.transformers.RuntimeMixinRefmapDetector@347c2a1a
[Architectury Transformer DEBUG]  - dev.architectury.transformer.transformers.GenerateFakeFabricMod@205f33f3
[Architectury Transformer DEBUG]  - dev.architectury.transformer.transformers.TransformExpectPlatform@4cc1c39f
[Architectury Transformer DEBUG]  - dev.architectury.transformer.transformers.RemapInjectables@7123f4ff
[Architectury Transformer DEBUG]  - dev.architectury.transformer.transformers.TransformPlatformOnly@24da3c3b
[Architectury Transformer DEBUG] Transforming from C:\Users\grame\OneDrive\Desktop\Minecraft Modding\Hands On\common\build\devlibs\tm_handson-common-1.0-SNAPSHOT-dev.jar to C:\Users\grame\AppData\Local\Temp\10332695132018379305.jar with 5 transformer(s) on dev.architectury.transformer.handler.SimpleTransformerHandler
[Architectury Transformer DEBUG] Found class transformer
[Architectury Transformer DEBUG] Writing architectury_inject_handson_fabric_aac36992944843baad0df6ba37f9da80_2cbaf581e20010c712b9bbd1e389e7c0760bf60b8e88241b3f4f9d5cb9e4e186tm_handsoncommon10SNAPSHOTdevjar/PlatformMethods with maxs=true frames=true
[Architectury Transformer DEBUG] Writing com/redpxnda/handson/HandsOn with maxs=true frames=true
[Architectury Transformer DEBUG] Writing com/redpxnda/handson/client/TinkeringScreen with maxs=true frames=true
[Architectury Transformer DEBUG] Writing com/redpxnda/handson/mixin/CameraMixin with maxs=true frames=true
[Architectury Transformer DEBUG] Checking whether /tm_handson-common-common-refmap.json is a mixin config.
[Architectury Transformer DEBUG] Checking whether /handson.mixins.json is a mixin config.
[Architectury Transformer DEBUG] Checking whether /fabric.mod.json is a mixin config.
[Architectury Transformer DEBUG] Redefining com.redpxnda.handson.HandsOn
[Architectury Transformer DEBUG] Transforming from com/redpxnda/handson/HandsOn.class to com/redpxnda/handson/HandsOn.class with 5 transformer(s) on dev.architectury.transformer.handler.TinyRemapperPreparedTransformerHandler
[Architectury Transformer DEBUG] Found class transformer
[Architectury Transformer DEBUG] Writing com/redpxnda/handson/HandsOn with maxs=true frames=true
[Architectury Transformer DEBUG] Transformed com/redpxnda/handson/HandsOn in 517.5 μs
[Architectury Transformer] Redefined 1 class(es) from C:\Users\grame\OneDrive\Desktop\Minecraft Modding\Hands On\common\build\devlibs\tm_handson-common-1.0-SNAPSHOT-dev.jar in 45.80 ms
[Architectury Transformer DEBUG] Closed File Systems for C:\Users\grame\OneDrive\Desktop\Minecraft Modding\Hands On\common\build\devlibs\tm_handson-common-1.0-SNAPSHOT-dev.jar
[Architectury Transformer] Detected File Modification at tm_handson-common-1.0-SNAPSHOT-dev.jar
[Architectury Transformer DEBUG] Transforming 5 transformer(s) from C:\Users\grame\OneDrive\Desktop\Minecraft Modding\Hands On\common\build\devlibs\tm_handson-common-1.0-SNAPSHOT-dev.jar to C:\Users\grame\AppData\Local\Temp\10332695132018379305.jar: 
[Architectury Transformer DEBUG]  - dev.architectury.transformer.transformers.RuntimeMixinRefmapDetector@347c2a1a
[Architectury Transformer DEBUG]  - dev.architectury.transformer.transformers.GenerateFakeFabricMod@205f33f3
[Architectury Transformer DEBUG]  - dev.architectury.transformer.transformers.TransformExpectPlatform@4cc1c39f
[Architectury Transformer DEBUG]  - dev.architectury.transformer.transformers.RemapInjectables@7123f4ff
[Architectury Transformer DEBUG]  - dev.architectury.transformer.transformers.TransformPlatformOnly@24da3c3b
[Architectury Transformer DEBUG] Transforming from C:\Users\grame\OneDrive\Desktop\Minecraft Modding\Hands On\common\build\devlibs\tm_handson-common-1.0-SNAPSHOT-dev.jar to C:\Users\grame\AppData\Local\Temp\10332695132018379305.jar with 5 transformer(s) on dev.architectury.transformer.handler.SimpleTransformerHandler
[Architectury Transformer DEBUG] Found class transformer
[Architectury Transformer DEBUG] Writing architectury_inject_handson_fabric_aac36992944843baad0df6ba37f9da80_2cbaf581e20010c712b9bbd1e389e7c0760bf60b8e88241b3f4f9d5cb9e4e186tm_handsoncommon10SNAPSHOTdevjar/PlatformMethods with maxs=true frames=true
[Architectury Transformer DEBUG] Writing com/redpxnda/handson/HandsOn with maxs=true frames=true
[Architectury Transformer DEBUG] Writing com/redpxnda/handson/client/TinkeringScreen with maxs=true frames=true
[Architectury Transformer DEBUG] Writing com/redpxnda/handson/mixin/CameraMixin with maxs=true frames=true
[Architectury Transformer DEBUG] Checking whether /tm_handson-common-common-refmap.json is a mixin config.
[Architectury Transformer DEBUG] Checking whether /handson.mixins.json is a mixin config.
[Architectury Transformer DEBUG] Checking whether /fabric.mod.json is a mixin config.
